[     269ms] [WARNING] The `integrity` attribute is currently ignored for preload destinations that do not support subresource integrity. See https://crbug.com/981419 for more information @ http://localhost:1420/:22
[     398ms] TypeError: Cannot read properties of undefined (reading 'core')
    at __wbg_invoke_ad5b0a6ca1d0d205 (http://localhost:1420/papillion-ui-c3a158cdfff51a32.js:519:42)
    at papillion_ui.wasm.papillion_ui::bridge::tauri_invoke::{{closure}}::__wbg_invoke_ad5b0a6ca1d0d205::h43ff6c82ba7d0201 externref shim (http://localhost:1420/papillion-ui-c3a158cdfff51a32_bg.wasm:wasm-function[28503]:0x44854c)
    at papillion_ui.wasm.papillion_ui::bridge::tauri_invoke::{{closure}}::he6967043337871b9 (http://localhost:1420/papillion-ui-c3a158cdfff51a32_bg.wasm:wasm-function[1351]:0x12f0e0)
    at papillion_ui.wasm.papillion_ui::bridge::invoke_no_args::{{closure}}::h50da53cee957df2a (http://localhost:1420/papillion-ui-c3a158cdfff51a32_bg.wasm:wasm-function[740]:0xceed6)
    at papillion_ui.wasm.papillion_ui::app::__App::{{closure}}::{{closure}}::h87b52896c2030f1e (http://localhost:1420/papillion-ui-c3a158cdfff51a32_bg.wasm:wasm-function[321]:0x6678c)
    at papillion_ui.wasm.wasm_bindgen_futures::task::singlethread::Inner::is_ready::h554d5080c5b40700 (http://localhost:1420/papillion-ui-c3a158cdfff51a32_bg.wasm:wasm-function[9292]:0x3010d3)
    at papillion_ui.wasm.wasm_bindgen_futures::task::singlethread::Task::run::{{closure}}::hb646883c56de4260 (http://localhost:1420/papillion-ui-c3a158cdfff51a32_bg.wasm:wasm-function[22100]:0x40a590)
    at papillion_ui.wasm.wasm_bindgen::convert::closures::_::invoke::{{closure}}::h999ada27b8bb3c57 (http://localhost:1420/papillion-ui-c3a158cdfff51a32_bg.wasm:wasm-function[20613]:0x3f7d96)
    at papillion_ui.wasm.core::ops::function::FnOnce::call_once::h9872265075581d78 (http://localhost:1420/papillion-ui-c3a158cdfff51a32_bg.wasm:wasm-function[20112]:0x3f124d)
    at papillion_ui.wasm.<core::panic::unwind_safe::AssertUnwindSafe<F> as core::ops::function::FnOnce<()>>::call_once::h07c88fbe53f64819 (http://localhost:1420/papillion-ui-c3a158cdfff51a32_bg.wasm:wasm-function[20611]:0x3f7d2a)
[    5815ms] TypeError: Cannot read properties of undefined (reading 'core')
    at __wbg_invoke_ad5b0a6ca1d0d205 (http://localhost:1420/papillion-ui-c3a158cdfff51a32.js:519:42)
    at papillion_ui.wasm.papillion_ui::bridge::tauri_invoke::{{closure}}::__wbg_invoke_ad5b0a6ca1d0d205::h43ff6c82ba7d0201 externref shim (http://localhost:1420/papillion-ui-c3a158cdfff51a32_bg.wasm:wasm-function[28503]:0x44854c)
    at papillion_ui.wasm.papillion_ui::bridge::tauri_invoke::{{closure}}::he6967043337871b9 (http://localhost:1420/papillion-ui-c3a158cdfff51a32_bg.wasm:wasm-function[1351]:0x12f0e0)
    at papillion_ui.wasm.papillion_ui::bridge::invoke_no_args::{{closure}}::hcdaf5713b5d53d9b (http://localhost:1420/papillion-ui-c3a158cdfff51a32_bg.wasm:wasm-function[907]:0xedd84)
    at papillion_ui.wasm.papillion_ui::components::setup_wizard::__SetupWizard::{{closure}}::{{closure}}::heea040b2c972e312 (http://localhost:1420/papillion-ui-c3a158cdfff51a32_bg.wasm:wasm-function[346]:0x6f1ab)
    at papillion_ui.wasm.wasm_bindgen_futures::task::singlethread::Inner::is_ready::h554d5080c5b40700 (http://localhost:1420/papillion-ui-c3a158cdfff51a32_bg.wasm:wasm-function[9292]:0x3010d3)
    at papillion_ui.wasm.wasm_bindgen_futures::task::singlethread::Task::run::{{closure}}::hb646883c56de4260 (http://localhost:1420/papillion-ui-c3a158cdfff51a32_bg.wasm:wasm-function[22100]:0x40a590)
    at papillion_ui.wasm.wasm_bindgen::convert::closures::_::invoke::{{closure}}::h999ada27b8bb3c57 (http://localhost:1420/papillion-ui-c3a158cdfff51a32_bg.wasm:wasm-function[20613]:0x3f7d96)
    at papillion_ui.wasm.core::ops::function::FnOnce::call_once::h9872265075581d78 (http://localhost:1420/papillion-ui-c3a158cdfff51a32_bg.wasm:wasm-function[20112]:0x3f124d)
    at papillion_ui.wasm.<core::panic::unwind_safe::AssertUnwindSafe<F> as core::ops::function::FnOnce<()>>::call_once::h07c88fbe53f64819 (http://localhost:1420/papillion-ui-c3a158cdfff51a32_bg.wasm:wasm-function[20611]:0x3f7d2a)
